<!DOCTYPE html><html lang="en"><head><meta charset="utf-8"><meta name="viewport" content="width=device-width,initial-scale=1,shrink-to-fit=no"><title>French press</title><script src="/app.js"></script></head><body><header></header><a href="/">Home</a><main class="main"><div class="html"><h1>French press</h1><p>The French press is also known as a cafeti√®re.</p></div></main></body></html>