<!DOCTYPE html><html lang="en"><head><meta charset="utf-8"><meta name="viewport" content="width=device-width, initial-scale=1, shrink-to-fit=no"><title>Home</title><script src="/app.js"></script></head><body><header></header><main class="main"><div class="html"><h1>Beverage vessels</h1>
<p>Welcome!</p></div><ul><li><a href="/french-press/">French press</a></li><li><a href="/tea-pot/">Tea pot</a></li></ul></main></body></html>