<!DOCTYPE html><html lang="en"><head><meta charset="utf-8"><meta name="viewport" content="width=device-width, initial-scale=1, shrink-to-fit=no"><title>Tea pot</title><script src="/app.js"></script></head><body><header></header><a href="/">Home</a><main class="main"><div class="html"><h1>Tea pot</h1>
<p>A teapot is a vessel used for steeping tea leaves.</p></div></main></body></html>